
> knitr::opts_chunk$set(collapse = TRUE, warning = FALSE, 
+     message = FALSE, comment = "#>", fig.height = 5, fig.width = 5, 
+     dpi = 96)

> to.cite <- c("car", "effects", "ggplot2", "GGally", 
+     "ggbiplot")

> library(Guerry)

> library(car)
Loading required package: carData

> library(effects)
lattice theme set by effectsTheme()
See ?effectsTheme for details.

> library(ggplot2)
Warning: package 'ggplot2' was built under R version 4.3.3

> library(ggrepel)

> library(patchwork)

> library(heplots)
Warning: package 'heplots' was built under R version 4.3.3
Loading required package: broom

> library(candisc)

Attaching package: 'candisc'

The following object is masked from 'package:stats':

    cancor


> library(dplyr)

Attaching package: 'dplyr'

The following object is masked from 'package:car':

    recode

The following objects are masked from 'package:stats':

    filter, lag

The following objects are masked from 'package:base':

    intersect, setdiff, setequal, union


> library(tidyr)

> data(Guerry)

> names(Guerry)[-(1:9)]
 [1] "MainCity"        "Wealth"          "Commerce"        "Clergy"         
 [5] "Crime_parents"   "Infanticide"     "Donation_clergy" "Lottery"        
 [9] "Desertion"       "Instruction"     "Prostitutes"     "Distance"       
[13] "Area"            "Pop1831"        

> data("Guerry", package = "Guerry")

> guerry_long <- pivot_longer(select(filter(Guerry, 
+     !is.na(Region)), dept:Suicides), cols = Crime_pers:Suicides, 
+     names_to = "variable",  .... [TRUNCATED] 

> guerry_long
# A tibble: 510 × 5
    dept Region Department variable   value
   <int> <fct>  <fct>      <chr>      <int>
 1     1 E      Ain        Crime_pers 28870
 2     1 E      Ain        Crime_prop 15890
 3     1 E      Ain        Literacy      37
 4     1 E      Ain        Donations   5098
 5     1 E      Ain        Infants    33120
 6     1 E      Ain        Suicides   35039
 7     2 N      Aisne      Crime_pers 26226
 8     2 N      Aisne      Crime_prop  5521
 9     2 N      Aisne      Literacy      51
10     2 N      Aisne      Donations   8901
# ℹ 500 more rows

> ggplot(data = guerry_long, aes(x = value, fill = TRUE)) + 
+     geom_density(alpha = 0.2) + geom_rug() + facet_wrap(~variable, 
+     scales = "fre ..." ... [TRUNCATED] 

> col.region <- colors()[c(149, 254, 468, 552, 26)]

> ggplot(data = guerry_long, aes(x = value, fill = Region)) + 
+     geom_density(alpha = 0.2) + geom_rug() + facet_wrap(~variable, 
+     scales = "f ..." ... [TRUNCATED] 

> ggplot(aes(x = Literacy, y = Crime_pers/1000), data = Guerry) + 
+     geom_point(size = 2)

> gdf <- Guerry[, c("Literacy", "Crime_pers", "Department")]

> gdf$dsq <- mahalanobis(gdf[, 1:2], colMeans(gdf[, 
+     1:2]), cov(gdf[, 1:2]))

> ggplot(aes(x = Literacy, y = Crime_pers/1000, label = Department), 
+     data = gdf) + geom_point(size = 2) + stat_ellipse(level = 0.68, 
+     col .... [TRUNCATED] 
Warning: Using `size` aesthetic for lines was deprecated in ggplot2 3.4.0.
ℹ Please use `linewidth` instead.
Warning: The following aesthetics were dropped during statistical transformation: label.
ℹ This can happen when ggplot fails to infer the correct grouping structure in
  the data.
ℹ Did you forget to specify a `group` aesthetic or to convert a numerical
  variable into a factor?
Warning: The following aesthetics were dropped during statistical transformation: label.
ℹ This can happen when ggplot fails to infer the correct grouping structure in
  the data.
ℹ Did you forget to specify a `group` aesthetic or to convert a numerical
  variable into a factor?
Warning: The following aesthetics were dropped during statistical transformation: label.
ℹ This can happen when ggplot fails to infer the correct grouping structure in
  the data.
ℹ Did you forget to specify a `group` aesthetic or to convert a numerical
  variable into a factor?
Warning: The following aesthetics were dropped during statistical transformation: label.
ℹ This can happen when ggplot fails to infer the correct grouping structure in
  the data.
ℹ Did you forget to specify a `group` aesthetic or to convert a numerical
  variable into a factor?

> gdf <- Guerry[, c("Literacy", "Crime_prop", "Department")]

> gdf$dsq <- mahalanobis(gdf[, 1:2], colMeans(gdf[, 
+     1:2]), cov(gdf[, 1:2]))

> ggplot(aes(x = Literacy, y = Crime_prop/1000, label = Department), 
+     data = gdf) + geom_point(size = 2) + stat_ellipse(level = 0.68, 
+     col .... [TRUNCATED] 
Warning: The following aesthetics were dropped during statistical transformation: label.
ℹ This can happen when ggplot fails to infer the correct grouping structure in
  the data.
ℹ Did you forget to specify a `group` aesthetic or to convert a numerical
  variable into a factor?
Warning: The following aesthetics were dropped during statistical transformation: label.
ℹ This can happen when ggplot fails to infer the correct grouping structure in
  the data.
ℹ Did you forget to specify a `group` aesthetic or to convert a numerical
  variable into a factor?
Warning: The following aesthetics were dropped during statistical transformation: label.
ℹ This can happen when ggplot fails to infer the correct grouping structure in
  the data.
ℹ Did you forget to specify a `group` aesthetic or to convert a numerical
  variable into a factor?
Warning: The following aesthetics were dropped during statistical transformation: label.
ℹ This can happen when ggplot fails to infer the correct grouping structure in
  the data.
ℹ Did you forget to specify a `group` aesthetic or to convert a numerical
  variable into a factor?

> par(mar = rep(2, 4))

> library(car)

> scatterplotMatrix(Guerry[, 4:9], ellipse = list(levels = 0.68), 
+     smooth = FALSE)

> par(mar = rep(1, 4) + 0.1)

> library(corrgram)

> corrgram(Guerry[, 4:9], upper = panel.pie)

> par(mar = rep(1, 4) + 0.1)

> corrgram(Guerry[, 4:9], upper = panel.ellipse, order = TRUE, 
+     lwd = 2)

> gdata <- filter(select(Guerry, Region, Crime_pers:Suicides), 
+     !is.na(Region))

> guerry.pca <- prcomp(select(gdata, -Region), scale = TRUE)

> print(guerry.pca, digits = 3)
Standard deviations (1, .., p=6):
[1] 1.463 1.096 1.050 0.817 0.741 0.584

Rotation (n x k) = (6 x 6):
               PC1     PC2     PC3      PC4     PC5     PC6
Crime_pers -0.0659  0.5906  0.6732 -0.13973 -0.0102 -0.4172
Crime_prop -0.5123 -0.0884  0.4765  0.09861  0.1381  0.6884
Literacy    0.5118 -0.1294  0.2090 -0.00797  0.8213  0.0560
Donations  -0.1062  0.6990 -0.4134  0.47298  0.2742  0.1741
Infants    -0.4513  0.1033 -0.3238 -0.73031  0.3776 -0.0696
Suicides   -0.5063 -0.3569  0.0169  0.46220  0.2976 -0.5602

> knitr::include_graphics("figures/ggbiplot.png")
[1] "figures/ggbiplot.png"
attr(,"class")
[1] "knit_image_paths" "knit_asis"       

> op <- par(mar = c(5, 4, 1, 1) + 0.1)

> cols = colorspace::rainbow_hcl(5)

> covEllipses(guerry.pca$x, group = gdata$Region, pooled = FALSE, 
+     fill = TRUE, fill.alpha = 0.1, col = cols, label.pos = c(3, 
+         0, 1,  .... [TRUNCATED] 

> points(guerry.pca$x, pch = (15:19)[Guerry$Region], 
+     col = cols[Guerry$Region])

> candisc::vectors(guerry.pca$rotation, scale = 5, col = "black", 
+     lwd = 3, cex = 1.4, pos = c(4, 2, 4, 2, 2, 2), xpd = TRUE)

> abline(h = 0, v = 0, col = gray(0.7))

> crime.mod1 <- lm(Crime_pers ~ Region + Literacy + 
+     Donations + Infants + Suicides, data = Guerry)

> crime.mod2 <- lm(Crime_prop ~ Region + Literacy + 
+     Donations + Infants + Suicides, data = Guerry)

> Anova(crime.mod1)
Anova Table (Type II tests)

Response: Crime_pers
              Sum Sq Df F value    Pr(>F)    
Region    1388267847  4  9.0398 5.005e-06 ***
Literacy    77140249  1  2.0092    0.1604    
Donations   54505520  1  1.4197    0.2372    
Infants       102152  1  0.0027    0.9590    
Suicides      205432  1  0.0054    0.9419    
Residuals 2917886368 76                      
---
Signif. codes:  0 '***' 0.001 '**' 0.01 '*' 0.05 '.' 0.1 ' ' 1

> Anova(crime.mod2)
Anova Table (Type II tests)

Response: Crime_prop
             Sum Sq Df F value    Pr(>F)    
Region     52269436  4  2.0939 0.0898250 .  
Literacy   13366819  1  2.1419 0.1474514    
Donations   9218353  1  1.4771 0.2279870    
Infants     7577617  1  1.2142 0.2739759    
Suicides  100890796  1 16.1665 0.0001355 ***
Residuals 474296314 76                      
---
Signif. codes:  0 '***' 0.001 '**' 0.01 '*' 0.05 '.' 0.1 ' ' 1

> knitr::include_graphics("figures/mra-effect1.png")
[1] "figures/mra-effect1.png"
attr(,"class")
[1] "knit_image_paths" "knit_asis"       

> knitr::include_graphics("figures/mra-effect2.png")
[1] "figures/mra-effect2.png"
attr(,"class")
[1] "knit_image_paths" "knit_asis"       

> crime.mod <- lm(cbind(Crime_pers, Crime_prop) ~ Region + 
+     Literacy + Donations + Infants + Suicides, data = Guerry)

> Anova(crime.mod)

Type II MANOVA Tests: Pillai test statistic
          Df test stat approx F num Df den Df    Pr(>F)    
Region     4   0.42933   5.1936      8    152 9.563e-06 ***
Literacy   1   0.03707   1.4434      2     75 0.2425951    
Donations  1   0.02615   1.0071      2     75 0.3701736    
Infants    1   0.01833   0.7001      2     75 0.4997450    
Suicides   1   0.20772   9.8315      2     75 0.0001615 ***
---
Signif. codes:  0 '***' 0.001 '**' 0.01 '*' 0.05 '.' 0.1 ' ' 1

> par(mar = c(3, 3, 1, 1) + 0.1)

> labels <- paste0(Guerry$dept, ":", Guerry$Department)

> cqplot(crime.mod, id.n = 4, labels = labels)

> par(mar = c(3, 3, 1, 1) + 0.1)

> heplot(crime.mod, fill = TRUE, fill.alpha = 0.05, 
+     cex = 1.4, cex.lab = 1.3)

> crime.can <- candisc(crime.mod)

> crime.can

Canonical Discriminant Analysis for Region:

    CanRsq Eigenvalue Difference Percent Cumulative
1 0.337068    0.50845    0.40681   83.34      83.34
2 0.092267    0.10164    0.40681   16.66     100.00

Test of H0: The canonical correlations in the 
current row and all that follow are zero

  LR test stat approx F numDF denDF   Pr(> F)    
1      0.60177   5.7097     8   158 2.209e-06 ***
2      0.90773   2.7105     3    80   0.05051 .  
---
Signif. codes:  0 '***' 0.001 '**' 0.01 '*' 0.05 '.' 0.1 ' ' 1

> par(mar = c(3, 3, 1, 1) + 0.1)

> heplot(crime.can, fill = TRUE, fill.alpha = 0.1, var.col = "black", 
+     var.cex = 1.3, cex = 1.4, cex.lab = 1.3)
Vector scale factor set to  3.10537 

> pkgs <- unique(c(to.cite, .packages()))

> knitr::write_bib(pkgs, file = here::here("vignettes", 
+     "packages.bib"))
Warning in file(con, "w") :
  cannot open file 'C:/Users/friendly/AppData/Local/Temp/Rtmp6zgO7V/file61f0159e396b/vignettes/vignettes/packages.bib': No such file or directory

  When sourcing 'guerry-multivariate.R':
Error: cannot open the connection
Execution halted
